 
****************************************
Report : threshold voltage group
Design : ADDER
Version: Q-2019.12-SP5-5
Date   : Tue Jun 28 15:58:57 2022
****************************************

********************************************************************************
                        Threshold Voltage Group Report                         

Vth Group                All                Blackbox           Non-blackbox
Name                    cells                cells                cells
********************************************************************************
HVT35                   2  (66.67%)          0   (0.00%)          2  (66.67%)   
ULVT35                  1  (33.33%)          0   (0.00%)          1  (33.33%)   
********************************************************************************
Total                   3 (100.00%)          0   (0.00%)          3 (100.00%)   

Vth Group                All                Blackbox           Non-blackbox
Name                  cell area            cell area            cell area
********************************************************************************
HVT35                2.45  (86.21%)       0.00   (0.00%)       2.45  (86.21%)   
ULVT35               0.39  (13.79%)       0.00   (0.00%)       0.39  (13.79%)   
********************************************************************************
Total                2.84 (100.00%)       0.00   (0.00%)       2.84 (100.00%)   
1
